C:\Users\prasa\Documents\workspace-spring-tool-suite-4-4.15.1.RELEASE\08_DC_APP\src\main\java\in\prasadit\binding\DcEducation.java
C:\Users\prasa\Documents\workspace-spring-tool-suite-4-4.15.1.RELEASE\08_DC_APP\src\main\java\in\prasadit\rest\DcRest.java
C:\Users\prasa\Documents\workspace-spring-tool-suite-4-4.15.1.RELEASE\08_DC_APP\src\main\java\in\prasadit\binding\DcIncome.java
C:\Users\prasa\Documents\workspace-spring-tool-suite-4-4.15.1.RELEASE\08_DC_APP\src\main\java\in\prasadit\service\DcServiceImpl.java
C:\Users\prasa\Documents\workspace-spring-tool-suite-4-4.15.1.RELEASE\08_DC_APP\src\main\java\in\prasadit\Application.java
C:\Users\prasa\Documents\workspace-spring-tool-suite-4-4.15.1.RELEASE\08_DC_APP\src\main\java\in\prasadit\binding\DcChildrens.java
C:\Users\prasa\Documents\workspace-spring-tool-suite-4-4.15.1.RELEASE\08_DC_APP\src\main\java\in\prasadit\repo\DcRepo.java
C:\Users\prasa\Documents\workspace-spring-tool-suite-4-4.15.1.RELEASE\08_DC_APP\src\main\java\in\prasadit\binding\DcCases.java
C:\Users\prasa\Documents\workspace-spring-tool-suite-4-4.15.1.RELEASE\08_DC_APP\src\main\java\in\prasadit\entity\DcMaster.java
C:\Users\prasa\Documents\workspace-spring-tool-suite-4-4.15.1.RELEASE\08_DC_APP\src\main\java\in\prasadit\service\DcService.java
